// Vitest Snapshot v1, https://vitest.dev/guide/snapshot.html

exports[`webpack js transform > script 1`] = `
{
  "code": "console.group(\\"%cðŸš€ main.js:1%cðŸ”¦ http://localhost:3090/client#Li4vLi4vbWFpbi5qczoxOjE=\\",\\"padding:2px 5px; border-radius:3px 0 0 3px;margin-bottom:5px;color: #111827; background: #F7DF1E\\",\\"background: #00DC8250;padding:2px 5px;border-radius:0 3px 3px 0;margin-bottom:5px\\")
console.log('hello javascript')
console.groupEnd()",
  "map": SourceMap {
    "file": undefined,
    "mappings": ";AAAA",
    "names": [],
    "sources": [
      "main.js",
    ],
    "sourcesContent": undefined,
    "version": 3,
  },
}
`;

exports[`webpack vue transform > script 1`] = `
{
  "code": "<template>
  <img alt=\\"Vue logo\\" src=\\"./assets/logo.png\\">
  <HelloWorld msg=\\"Welcome to Your Vue.js + TypeScript App\\"/>
</template>

<script lang=\\"ts\\">
import { defineComponent } from 'vue';
import HelloWorld from './components/HelloWorld.vue';

console.group(\\"%cðŸš€ App.vue:10%cðŸ”¦ http://localhost:3070/client#Li4vLi4vQXBwLnZ1ZToxMDox\\",\\"padding:2px 5px; border-radius:3px 0 0 3px;margin-bottom:5px;color: #fff; background: #4FC08D\\",\\"background: #00DC8250;padding:2px 5px;border-radius:0 3px 3px 0;margin-bottom:5px\\")
console.log('App.vue')
console.groupEnd()

export default defineComponent({
  name: 'App',
  components: {
    HelloWorld
  }
});
</script>
",
  "map": SourceMap {
    "file": undefined,
    "mappings": "AAAA;AACA;AACA;AACA;AACA;AACA;AACA;AACA;AACA;;AACA;kBAAsB;AACtB;AACA;AACA;AACA;AACA;AACA;AACA;AACA;",
    "names": [],
    "sources": [
      "App.vue",
    ],
    "sourcesContent": undefined,
    "version": 3,
  },
}
`;

exports[`webpack vue transform > script setup 1`] = `
{
  "code": "<script setup lang=\\"ts\\">
  console.group(\\"%cðŸš€ App.vue:2%cðŸ”¦ http://localhost:3090/client#Li4vLi4vQXBwLnZ1ZToyOjM=\\",\\"padding:2px 5px; border-radius:3px 0 0 3px;margin-bottom:5px;color: #fff; background: #4FC08D\\",\\"background: #00DC8250;padding:2px 5px;border-radius:0 3px 3px 0;margin-bottom:5px\\")
console.log('script setup')
console.groupEnd()
  </script>
  
  <template>
    <div>
      script setup
    </div>
  </template>
",
  "map": SourceMap {
    "file": undefined,
    "mappings": "AAAA;AACA;AAAE;kBAA2B;AAC7B;AACA;AACA;AACA;AACA;AACA;AACA;",
    "names": [],
    "sources": [
      "App.vue",
    ],
    "sourcesContent": undefined,
    "version": 3,
  },
}
`;
